#
# A fatal error has been detected by the Java Runtime Environment:
#
#  EXCEPTION_ACCESS_VIOLATION (0xc0000005) at pc=0x00007ffae2f9299b, pid=28280, tid=21948
#
# JRE version: OpenJDK Runtime Environment (24.0.2+12) (build 24.0.2+12-54)
# Java VM: OpenJDK 64-Bit Server VM (24.0.2+12-54, mixed mode, sharing, tiered, compressed oops, compressed class ptrs, g1 gc, windows-amd64)
# Problematic frame:
# C  [libasyncProfiler.dll+0x9299b]
#
# No core dump will be written. Minidumps are not enabled by default on client versions of Windows
#
# JFR recording file will be written. Location: C:\Users\koyya\IdeaProjects\DSA-Practice\src\hs_err_pid28280.jfr
#
# If you would like to submit a bug report, please visit:
#   https://bugreport.java.com/bugreport/crash.jsp
# The crash happened outside the Java Virtual Machine in native code.
# See problematic frame for where to report the bug.
#

---------------  S U M M A R Y ------------

Command Line: -javaagent:C:\Program Files\JetBrains\IntelliJ IDEA 2024.2.0.2\lib\idea_rt.jar=50976:C:\Program Files\JetBrains\IntelliJ IDEA 2024.2.0.2\bin -agentpath:C:\Users\koyya\AppData\Local\Temp\idea_libasyncProfiler_dll_temp_folder\libasyncProfiler.dll=start,jfr,event=wall,interval=10ms,jfrsync=profile,cstack=no,file=C:\Users\koyya\IdeaSnapshots\SetPractice_2025_10_13_150907.jfr,dbghelppath=C:\Users\koyya\AppData\Local\Temp\idea_dbghelp_dll_temp_folder\dbghelp.dll,log=C:\Users\koyya\AppData\Local\Temp\SetPractice_2025_10_13_150907.jfr.log.txt,logLevel=DEBUG -Dfile.encoding=UTF-8 -Dsun.stdout.encoding=UTF-8 -Dsun.stderr.encoding=UTF-8 Set.SetPractice

Host: AMD Ryzen 5 6600H with Radeon Graphics         , 12 cores, 7G,  Windows 11 , 64 bit Build 26100 (10.0.26100.5074)
Time: Mon Oct 13 15:09:09 2025 Central Daylight Time elapsed time: 0.859864 seconds (0d 0h 0m 0s)

---------------  T H R E A D  ---------------

Current thread (0x00000200919d9920):  JavaThread "main"             [_thread_in_native, id=21948, stack(0x00000096cb500000,0x00000096cb600000) (1024K)]

Stack: [0x00000096cb500000,0x00000096cb600000],  sp=0x00000096cb5fe7c0,  free space=1017k
Native frames: (J=compiled Java code, j=interpreted, Vv=VM code, C=native code)
C  [libasyncProfiler.dll+0x9299b]  (no source info available)
C  [libasyncProfiler.dll+0x92e7b]  (no source info available)
C  [libasyncProfiler.dll+0x91ad4]  (no source info available)
C  [libasyncProfiler.dll+0x92359]  (no source info available)
C  [libasyncProfiler.dll+0x8cf41]  (no source info available)
C  [libasyncProfiler.dll+0x7e820]  (no source info available)
C  [libasyncProfiler.dll+0x7d4f8]  (no source info available)
C  [libasyncProfiler.dll+0x7d3e8]  (no source info available)
C  [libasyncProfiler.dll+0x835cc]  (no source info available)
V  [jvm.dll+0x5e37ee]  (no source info available)
V  [jvm.dll+0x8862d6]  (no source info available)
V  [jvm.dll+0x495e7e]  (no source info available)
V  [jvm.dll+0x497c51]  (no source info available)
C  [jli.dll+0x52a1]  (no source info available)
C  [ucrtbase.dll+0x37b0]  (no source info available)
C  [KERNEL32.DLL+0x2e8d7]  (no source info available)
C  [ntdll.dll+0x8d9c]  (no source info available)


siginfo: EXCEPTION_ACCESS_VIOLATION (0xc0000005), reading address 0xffffffffffffffff


Registers:
RAX=0x0000000000000010, RBX=0x0000000000000000, RCX=0xffffffffffffffff, RDX=0x007ffaa4b1301010
RSP=0x00000096cb5fe7c0, RBP=0x00000200f50243e0, RSI=0x00000096cb5fe928, RDI=0x00000200f50243e0
R8 =0x0000000000000042, R9 =0x0000000093501ed8, R10=0x00007ffaa4d89ff0, R11=0x0000000000000002
R12=0x00000096cb5fe928, R13=0x0000020091e4a9f0, R14=0x00000200919d9ce8, R15=0x00000200919d9ce8
RIP=0x00007ffae2f9299b, EFLAGS=0x0000000000010202

XMM[0]=0x0000000000000000 0x0000000000000000
XMM[1]=0x0000000000000000 0x0000000000000000
XMM[2]=0x0000000000000000 0x0000000000000000
XMM[3]=0x0000000000000000 0x0000000000000000
XMM[4]=0x0000000000000000 0x0000000000000000
XMM[5]=0x0000000000000000 0x0000000000000000
XMM[6]=0x0000000000000000 0x0000000000000000
XMM[7]=0x0000000000000000 0x0000000000000000
XMM[8]=0x0000000000000000 0x0000000000000000
XMM[9]=0x0000000000000000 0x0000000000000000
XMM[10]=0x0000000000000000 0x0000000000000000
XMM[11]=0x0000000000000000 0x0000000000000000
XMM[12]=0x0000000000000000 0x0000000000000000
XMM[13]=0x0000000000000000 0x0000000000000000
XMM[14]=0x0000000000000000 0x0000000000000000
XMM[15]=0x0000000000000000 0x0000000000000000
  MXCSR=0x00001fa0


Register to memory mapping:

RAX=0x0000000000000010 is an unknown value
RBX=0x0 is null
RCX=0xffffffffffffffff is an unknown value
RDX=0x007ffaa4b1301010 is an unknown value
RSP=0x00000096cb5fe7c0 is pointing into the stack for thread: 0x00000200919d9920
RBP=0x00000200f50243e0 points into unknown readable memory: 0x0000000093501ed8 | d8 1e 50 93 00 00 00 00
RSI=0x00000096cb5fe928 is pointing into the stack for thread: 0x00000200919d9920
RDI=0x00000200f50243e0 points into unknown readable memory: 0x0000000093501ed8 | d8 1e 50 93 00 00 00 00
R8 =0x0000000000000042 is an unknown value
R9 =0x0000000093501ed8 is an oop: java.lang.Thread 
{0x0000000093501ed8} - klass: 'java/lang/Thread' - flags: 

 - ---- fields (total size 14 words):
 - 'threadLocalRandomProbe' 'I' @12  0 (0x00000000)
 - private volatile 'eetop' 'J' @16  2201466280224 (0x00000200919d9920)
 - private final 'tid' 'J' @24  3 (0x0000000000000003)
 - 'threadLocalRandomSeed' 'J' @32  0 (0x0000000000000000)
 - injected 'jvmti_thread_state' 'J' @40  2201969623616 (0x00000200af9e0240)
 - 'threadLocalRandomSecondarySeed' 'I' @48  0 (0x00000000)
 - injected 'jvmti_VTMS_transition_disable_count' 'I' @52  0 (0x00000000)
 - injected 'jfr_epoch' 'S' @56  0 (0x0000)
 - volatile 'interrupted' 'Z' @58  false (0x00)
 - injected 'jvmti_is_in_VTMS_transition' 'Z' @59  false (0x00)
 - private volatile 'name' 'Ljava/lang/String;' @60  "main"{0x0000000093501f48} (0x93501f48)
 - private volatile 'contextClassLoader' 'Ljava/lang/ClassLoader;' @64  a 'jdk/internal/loader/ClassLoaders$AppClassLoader'{0x0000000093516168} (0x93516168)
 - private final 'holder' 'Ljava/lang/Thread$FieldHolder;' @68  a 'java/lang/Thread$FieldHolder'{0x0000000093501f88} (0x93501f88)
 - 'threadLocals' 'Ljava/lang/ThreadLocal$ThreadLocalMap;' @72  a 'java/lang/ThreadLocal$ThreadLocalMap'{0x0000000093334628} (0x93334628)
 - 'inheritableThreadLocals' 'Ljava/lang/ThreadLocal$ThreadLocalMap;' @76  null (0x00000000)
 - private 'scopedValueBindings' 'Ljava/lang/Object;' @80  a 'java/lang/Class'{0x00000000ffe7c2c8} = 'java/lang/Thread' (0xffe7c2c8)
 - final 'interruptLock' 'Ljava/lang/Object;' @84  a 'java/lang/Object'{0x0000000093501f78} (0x93501f78)
 - private volatile 'parkBlocker' 'Ljava/lang/Object;' @88  null (0x00000000)
 - private 'nioBlocker' 'Lsun/nio/ch/Interruptible;' @92  null (0x00000000)
 - private 'cont' 'Ljdk/internal/vm/Continuation;' @96  null (0x00000000)
 - private volatile 'uncaughtExceptionHandler' 'Ljava/lang/Thread$UncaughtExceptionHandler;' @100  null (0x00000000)
 - private 'container' 'Ljdk/internal/vm/ThreadContainer;' @104  null (0x00000000)
 - private volatile 'headStackableScopes' 'Ljdk/internal/vm/StackableScope;' @108  null (0x00000000)
R10=0x00007ffaa4d89ff0 jvm.dll
R11=0x0000000000000002 is an unknown value
R12=0x00000096cb5fe928 is pointing into the stack for thread: 0x00000200919d9920
R13=0x0000020091e4a9f0 points into unknown readable memory: 0x00007ffaa4cfa510 | 10 a5 cf a4 fa 7f 00 00
R14=0x00000200919d9ce8 points into unknown readable memory: 0x00007ffaa4cf17b0 | b0 17 cf a4 fa 7f 00 00
R15=0x00000200919d9ce8 points into unknown readable memory: 0x00007ffaa4cf17b0 | b0 17 cf a4 fa 7f 00 00

Top of Stack: (sp=0x00000096cb5fe7c0)
0x00000096cb5fe7c0:   00000096cb5fe928 00000200f50243e0   (._......C......
0x00000096cb5fe7d0:   0000000000000000 00000200919da070   ........p.......
0x00000096cb5fe7e0:   0000000000000018 00007ffae2f92e7b   ........{.......
0x00000096cb5fe7f0:   0000000000000000 00000200919d9ce8   ................
0x00000096cb5fe800:   00000096cb5fe901 0000000000000000   .._.............
0x00000096cb5fe810:   00000200f580d740 00007ffae2f91ad4   @...............
0x00000096cb5fe820:   0000000000000000 0000000000000018   ................
0x00000096cb5fe830:   0000000000000000 0000000000000018   ................
0x00000096cb5fe840:   0000000900000002 00000200f57d0890   ..........}.....
0x00000096cb5fe850:   00000200f580d740 00000200f580d7a0   @...............
0x00000096cb5fe860:   00000200f580d7b0 00007ffa00005f70   ........p_......
0x00000096cb5fe870:   0000000000000000 0000000000000000   ................
0x00000096cb5fe880:   0000000000000000 00007ffaa4555714   .........WU.....
0x00000096cb5fe890:   00007ffae30d5c70 0000000000006e78   p\......xn......
0x00000096cb5fe8a0:   00007ffae30d5c70 00000000ffffffff   p\..............
0x00000096cb5fe8b0:   0000000000000000 00007ffae2f92359   ........Y#......
0x00000096cb5fe8c0:   00000200919d9ce8 0000000000000000   ................
0x00000096cb5fe8d0:   00000096cb5fe939 0000020091e4a9f0   9._.............
0x00000096cb5fe8e0:   00000000000020c0 00007ffae2f4d1fd   . ..............
0x00000096cb5fe8f0:   00000200afc66040 00000200919d9ce8   @`..............
0x00000096cb5fe900:   00000200afc66040 00007ffae30d5c70   @`......p\......
0x00000096cb5fe910:   0000000000989680 00007ffae3080058   ........X.......
0x00000096cb5fe920:   0000000000000000 00000200f6667f70   ........p.f.....
0x00000096cb5fe930:   00000200f6668270 00000200f6668270   p.f.....p.f.....
0x00000096cb5fe940:   00000200919d9ce8 00007ffae30d5c70   ........p\......
0x00000096cb5fe950:   0000020091e5f928 00000096cb5feac8   (........._.....
0x00000096cb5fe960:   00000096cb5fec00 0000000000008840   .._.....@.......
0x00000096cb5fe970:   00007ffae30c8080 00007ffae30d5cc0   .........\......
0x00000096cb5fe980:   0000000000989680 0000000000989680   ................
0x00000096cb5fe990:   00000096cb5feaa0 00007ffae2f8cf41   .._.....A.......
0x00000096cb5fe9a0:   00007ffae30d5c70 00007ffae30d5cc8   p\.......\......
0x00000096cb5fe9b0:   00007ffa00000000 001cf38800000001   ................

Instructions: (pc=0x00007ffae2f9299b)
  0x00007ffae2f9289b:   cc cc cc cc cc cc cc cc cc cc cc cc cc cc cc cc
  0x00007ffae2f928ab:   cc cc cc cc cc cc cc cc cc cc cc cc cc cc cc cc
  0x00007ffae2f928bb:   cc cc cc cc cc cc cc cc cc cc cc cc cc cc cc cc
  0x00007ffae2f928cb:   cc cc cc cc cc cc cc cc cc cc cc cc cc cc cc cc
  0x00007ffae2f928db:   cc cc cc cc cc cc cc cc cc cc cc cc cc cc cc cc
  0x00007ffae2f928eb:   cc cc cc cc cc cc cc cc cc cc cc cc cc cc cc cc
  0x00007ffae2f928fb:   cc cc cc cc cc cc cc cc cc cc cc cc cc cc cc cc
  0x00007ffae2f9290b:   cc cc cc cc cc cc cc cc cc cc cc cc cc cc cc cc
  0x00007ffae2f9291b:   cc cc cc cc cc cc cc cc cc cc cc cc cc cc cc cc
  0x00007ffae2f9292b:   cc cc cc cc cc 48 89 5c 24 08 57 48 83 ec 20 48
  0x00007ffae2f9293b:   8b f9 48 8d 54 24 38 48 8b 0d f7 34 14 00 41 b8
  0x00007ffae2f9294b:   06 00 01 00 48 8b 01 4c 8b 48 30 41 ff d1 4c 8b
  0x00007ffae2f9295b:   05 f0 35 14 00 33 c9 85 c0 48 0f 44 4c 24 38 4d
  0x00007ffae2f9296b:   85 c0 74 4a 48 8b 01 48 8b d7 4c 8b 88 28 03 00
  0x00007ffae2f9297b:   00 41 ff d1 48 85 c0 74 35 48 63 0d 21 f4 13 00
  0x00007ffae2f9298b:   48 8b 14 01 48 85 d2 74 15 48 63 05 25 f4 13 00
=>0x00007ffae2f9299b:   8b 04 10 48 8b 5c 24 30 48 83 c4 20 5f c3 b8 ff
  0x00007ffae2f929ab:   ff ff ff 48 8b 5c 24 30 48 83 c4 20 5f c3 80 3d
  0x00007ffae2f929bb:   94 34 14 00 00 bb ff ff ff ff 74 20 4c 8b 0d 3a
  0x00007ffae2f929cb:   31 14 00 4c 8d 44 24 38 48 8b 0d 1e 31 14 00 48
  0x00007ffae2f929db:   8b d7 41 ff d1 85 c0 0f 44 5c 24 38 8b c3 48 8b
  0x00007ffae2f929eb:   5c 24 30 48 83 c4 20 5f c3 cc cc cc cc cc cc cc
  0x00007ffae2f929fb:   cc cc cc cc cc cc cc cc cc cc cc cc cc cc cc cc
  0x00007ffae2f92a0b:   cc cc cc cc cc cc cc cc cc cc cc cc cc cc cc cc
  0x00007ffae2f92a1b:   cc cc cc cc cc cc cc cc cc cc cc cc cc cc cc cc
  0x00007ffae2f92a2b:   cc cc cc cc cc 48 89 54 24 10 53 55 56 57 41 56
  0x00007ffae2f92a3b:   41 57 48 83 ec 28 48 8b f2 4c 8b f1 48 89 4c 24
  0x00007ffae2f92a4b:   78 45 33 ff 44 89 7c 24 68 c7 44 24 60 01 00 00
  0x00007ffae2f92a5b:   00 48 8d 4c 24 68 e8 a8 40 f7 ff 8b d8 48 8d 4c
  0x00007ffae2f92a6b:   24 60 e8 9c 40 f7 ff 8b e8 49 8b ce e8 4d f9 f6
  0x00007ffae2f92a7b:   ff 48 8b f8 90 8b c3 f0 0f b1 2f 74 04 f3 90 eb
  0x00007ffae2f92a8b:   f4 4c 89 3e 4c 89 7e 08 4c 89 7e 10 49 8b 6e 08


Stack slot to memory mapping:

stack at sp + 0 slots: 0x00000096cb5fe928 is pointing into the stack for thread: 0x00000200919d9920
stack at sp + 1 slots: 0x00000200f50243e0 points into unknown readable memory: 0x0000000093501ed8 | d8 1e 50 93 00 00 00 00
stack at sp + 2 slots: 0x0 is null
stack at sp + 3 slots: 0x00000200919da070 points into unknown readable memory: 0x6e616c2e6176616a | 6a 61 76 61 2e 6c 61 6e
stack at sp + 4 slots: 0x0000000000000018 is an unknown value
stack at sp + 5 slots: 0x00007ffae2f92e7b libasyncProfiler.dll
stack at sp + 6 slots: 0x0 is null
stack at sp + 7 slots: 0x00000200919d9ce8 points into unknown readable memory: 0x00007ffaa4cf17b0 | b0 17 cf a4 fa 7f 00 00

Lock stack of current Java thread (top to bottom):


---------------  P R O C E S S  ---------------

Threads class SMR info:
_java_thread_list=0x00000200f5819000, length=13, elements={
0x00000200919d9920, 0x00000200af954080, 0x00000200af9567d0, 0x00000200af95efa0,
0x00000200af95fad0, 0x00000200af964610, 0x00000200af970130, 0x00000200af9656d0,
0x00000200af9664b0, 0x00000200afb73900, 0x00000200f500ebe0, 0x00000200f6663fa0,
0x00000200f5788630
}

Java Threads: ( => current thread )
=>0x00000200919d9920 JavaThread "main"                              [_thread_in_native, id=21948, stack(0x00000096cb500000,0x00000096cb600000) (1024K)]
  0x00000200af954080 JavaThread "Reference Handler"          daemon [_thread_blocked, id=26048, stack(0x00000096cbd00000,0x00000096cbe00000) (1024K)]
  0x00000200af9567d0 JavaThread "Finalizer"                  daemon [_thread_blocked, id=34104, stack(0x00000096cbe00000,0x00000096cbf00000) (1024K)]
  0x00000200af95efa0 JavaThread "Signal Dispatcher"          daemon [_thread_blocked, id=7584, stack(0x00000096cbf00000,0x00000096cc000000) (1024K)]
  0x00000200af95fad0 JavaThread "Attach Listener"            daemon [_thread_blocked, id=32280, stack(0x00000096cc000000,0x00000096cc100000) (1024K)]
  0x00000200af964610 JavaThread "Service Thread"             daemon [_thread_blocked, id=9084, stack(0x00000096cc100000,0x00000096cc200000) (1024K)]
  0x00000200af970130 JavaThread "Monitor Deflation Thread"   daemon [_thread_blocked, id=29124, stack(0x00000096cc200000,0x00000096cc300000) (1024K)]
  0x00000200af9656d0 JavaThread "C2 CompilerThread0"         daemon [_thread_blocked, id=14860, stack(0x00000096cc300000,0x00000096cc400000) (1024K)]
  0x00000200af9664b0 JavaThread "C1 CompilerThread0"         daemon [_thread_blocked, id=16468, stack(0x00000096cc400000,0x00000096cc500000) (1024K)]
  0x00000200afb73900 JavaThread "Common-Cleaner"             daemon [_thread_blocked, id=28652, stack(0x00000096cc500000,0x00000096cc600000) (1024K)]
  0x00000200f500ebe0 JavaThread "Monitor Ctrl-Break"         daemon [_thread_in_native, id=14448, stack(0x00000096cc600000,0x00000096cc700000) (1024K)]
  0x00000200f6663fa0 JavaThread "JFR Recorder Thread"        daemon [_thread_in_native, id=35976, stack(0x00000096cc700000,0x00000096cc800000) (1024K)]
  0x00000200f5788630 JavaThread "JFR Periodic Tasks"         daemon [_thread_blocked, id=24432, stack(0x00000096cc800000,0x00000096cc900000) (1024K)]
Total: 13

Other Threads:
  0x00000200af948fe0 VMThread "VM Thread"                           [id=2296, stack(0x00000096cbc00000,0x00000096cbd00000) (1024K)]
  0x0000020091b20140 WatcherThread "VM Periodic Task Thread"        [id=22948, stack(0x00000096cbb00000,0x00000096cbc00000) (1024K)]
  0x0000020091a2ffa0 WorkerThread "GC Thread#0"                     [id=17172, stack(0x00000096cb600000,0x00000096cb700000) (1024K)]
  0x0000020091a60890 ConcurrentGCThread "G1 Main Marker"            [id=29948, stack(0x00000096cb700000,0x00000096cb800000) (1024K)]
  0x0000020091a61e10 WorkerThread "G1 Conc#0"                       [id=32420, stack(0x00000096cb800000,0x00000096cb900000) (1024K)]
  0x0000020091b04c80 ConcurrentGCThread "G1 Refine#0"               [id=14364, stack(0x00000096cb900000,0x00000096cba00000) (1024K)]
  0x0000020091b05700 ConcurrentGCThread "G1 Service"                [id=18924, stack(0x00000096cba00000,0x00000096cbb00000) (1024K)]
Total: 7

Threads with active compile tasks:
Total: 0

VM state: not at safepoint (normal execution)

VM Mutex/Monitor currently owned by a thread: None

Heap address: 0x000000008c200000, size: 1854 MB, Compressed Oops mode: 32-bit

CDS archive(s) mapped at: [0x00000200b0000000-0x00000200b0d40000-0x00000200b0d40000), size 13893632, SharedBaseAddress: 0x00000200b0000000, ArchiveRelocationMode: 1.
Compressed class space mapped at: 0x00000200b1000000-0x00000200f1000000, reserved size: 1073741824
UseCompressedClassPointers 1, UseCompactObjectHeaders 0
Narrow klass pointer bits 32, Max shift 3
Narrow klass base: 0x00000200b0000000, Narrow klass shift: 0
Encoding Range: [0x00000200b0000000 - 0x00000201b0000000), (4294967296 bytes)
Klass Range:    [0x00000200b0000000 - 0x00000200f1000000), (1090519040 bytes)
Klass ID Range:  [8 - 1090519033) (1090519025)

GC Precious Log:
 CardTable entry size: 512
 Card Set container configuration: InlinePtr #cards 5 size 8 Array Of Cards #cards 10 size 36 Howl #buckets 4 coarsen threshold 1843 Howl Bitmap #cards 512 size 80 coarsen threshold 460 Card regions per heap region 1 cards per card region 2048
 CPUs: 12 total, 12 available
 Memory: 7411M
 Large Page Support: Disabled
 NUMA Support: Disabled
 Compressed Oops: Enabled (32-bit)
 Heap Region Size: 1M
 Heap Min Capacity: 8M
 Heap Initial Capacity: 116M
 Heap Max Capacity: 1854M
 Pre-touch: Disabled
 Parallel Workers: 10
 Concurrent Workers: 3
 Concurrent Refinement Workers: 10
 Periodic GC: Disabled

Heap:
 garbage-first heap   total reserved 1898496K, committed 120832K, used 17520K [0x000000008c200000, 0x0000000100000000)
  region size 1024K, 17 young (17408K), 0 survivors (0K)
 Metaspace       used 3485K, committed 3648K, reserved 1114112K
  class space    used 308K, committed 384K, reserved 1048576K

Heap Regions: E=young(eden), S=young(survivor), O=old, HS=humongous(starts), HC=humongous(continues), CS=collection set, F=free, TAMS=top-at-mark-start, PB=parsable bottom
|   0|0x000000008c200000, 0x000000008c200000, 0x000000008c300000|  0%| F|  |TAMS 0x000000008c200000| PB 0x000000008c200000| Untracked |  0
|   1|0x000000008c300000, 0x000000008c300000, 0x000000008c400000|  0%| F|  |TAMS 0x000000008c300000| PB 0x000000008c300000| Untracked |  0
|   2|0x000000008c400000, 0x000000008c400000, 0x000000008c500000|  0%| F|  |TAMS 0x000000008c400000| PB 0x000000008c400000| Untracked |  0
|   3|0x000000008c500000, 0x000000008c500000, 0x000000008c600000|  0%| F|  |TAMS 0x000000008c500000| PB 0x000000008c500000| Untracked |  0
|   4|0x000000008c600000, 0x000000008c600000, 0x000000008c700000|  0%| F|  |TAMS 0x000000008c600000| PB 0x000000008c600000| Untracked |  0
|   5|0x000000008c700000, 0x000000008c700000, 0x000000008c800000|  0%| F|  |TAMS 0x000000008c700000| PB 0x000000008c700000| Untracked |  0
|   6|0x000000008c800000, 0x000000008c800000, 0x000000008c900000|  0%| F|  |TAMS 0x000000008c800000| PB 0x000000008c800000| Untracked |  0
|   7|0x000000008c900000, 0x000000008c900000, 0x000000008ca00000|  0%| F|  |TAMS 0x000000008c900000| PB 0x000000008c900000| Untracked |  0
|   8|0x000000008ca00000, 0x000000008ca00000, 0x000000008cb00000|  0%| F|  |TAMS 0x000000008ca00000| PB 0x000000008ca00000| Untracked |  0
|   9|0x000000008cb00000, 0x000000008cb00000, 0x000000008cc00000|  0%| F|  |TAMS 0x000000008cb00000| PB 0x000000008cb00000| Untracked |  0
|  10|0x000000008cc00000, 0x000000008cc00000, 0x000000008cd00000|  0%| F|  |TAMS 0x000000008cc00000| PB 0x000000008cc00000| Untracked |  0
|  11|0x000000008cd00000, 0x000000008cd00000, 0x000000008ce00000|  0%| F|  |TAMS 0x000000008cd00000| PB 0x000000008cd00000| Untracked |  0
|  12|0x000000008ce00000, 0x000000008ce00000, 0x000000008cf00000|  0%| F|  |TAMS 0x000000008ce00000| PB 0x000000008ce00000| Untracked |  0
|  13|0x000000008cf00000, 0x000000008cf00000, 0x000000008d000000|  0%| F|  |TAMS 0x000000008cf00000| PB 0x000000008cf00000| Untracked |  0
|  14|0x000000008d000000, 0x000000008d000000, 0x000000008d100000|  0%| F|  |TAMS 0x000000008d000000| PB 0x000000008d000000| Untracked |  0
|  15|0x000000008d100000, 0x000000008d100000, 0x000000008d200000|  0%| F|  |TAMS 0x000000008d100000| PB 0x000000008d100000| Untracked |  0
|  16|0x000000008d200000, 0x000000008d200000, 0x000000008d300000|  0%| F|  |TAMS 0x000000008d200000| PB 0x000000008d200000| Untracked |  0
|  17|0x000000008d300000, 0x000000008d300000, 0x000000008d400000|  0%| F|  |TAMS 0x000000008d300000| PB 0x000000008d300000| Untracked |  0
|  18|0x000000008d400000, 0x000000008d400000, 0x000000008d500000|  0%| F|  |TAMS 0x000000008d400000| PB 0x000000008d400000| Untracked |  0
|  19|0x000000008d500000, 0x000000008d500000, 0x000000008d600000|  0%| F|  |TAMS 0x000000008d500000| PB 0x000000008d500000| Untracked |  0
|  20|0x000000008d600000, 0x000000008d600000, 0x000000008d700000|  0%| F|  |TAMS 0x000000008d600000| PB 0x000000008d600000| Untracked |  0
|  21|0x000000008d700000, 0x000000008d700000, 0x000000008d800000|  0%| F|  |TAMS 0x000000008d700000| PB 0x000000008d700000| Untracked |  0
|  22|0x000000008d800000, 0x000000008d800000, 0x000000008d900000|  0%| F|  |TAMS 0x000000008d800000| PB 0x000000008d800000| Untracked |  0
|  23|0x000000008d900000, 0x000000008d900000, 0x000000008da00000|  0%| F|  |TAMS 0x000000008d900000| PB 0x000000008d900000| Untracked |  0
|  24|0x000000008da00000, 0x000000008da00000, 0x000000008db00000|  0%| F|  |TAMS 0x000000008da00000| PB 0x000000008da00000| Untracked |  0
|  25|0x000000008db00000, 0x000000008db00000, 0x000000008dc00000|  0%| F|  |TAMS 0x000000008db00000| PB 0x000000008db00000| Untracked |  0
|  26|0x000000008dc00000, 0x000000008dc00000, 0x000000008dd00000|  0%| F|  |TAMS 0x000000008dc00000| PB 0x000000008dc00000| Untracked |  0
|  27|0x000000008dd00000, 0x000000008dd00000, 0x000000008de00000|  0%| F|  |TAMS 0x000000008dd00000| PB 0x000000008dd00000| Untracked |  0
|  28|0x000000008de00000, 0x000000008de00000, 0x000000008df00000|  0%| F|  |TAMS 0x000000008de00000| PB 0x000000008de00000| Untracked |  0
|  29|0x000000008df00000, 0x000000008df00000, 0x000000008e000000|  0%| F|  |TAMS 0x000000008df00000| PB 0x000000008df00000| Untracked |  0
|  30|0x000000008e000000, 0x000000008e000000, 0x000000008e100000|  0%| F|  |TAMS 0x000000008e000000| PB 0x000000008e000000| Untracked |  0
|  31|0x000000008e100000, 0x000000008e100000, 0x000000008e200000|  0%| F|  |TAMS 0x000000008e100000| PB 0x000000008e100000| Untracked |  0
|  32|0x000000008e200000, 0x000000008e200000, 0x000000008e300000|  0%| F|  |TAMS 0x000000008e200000| PB 0x000000008e200000| Untracked |  0
|  33|0x000000008e300000, 0x000000008e300000, 0x000000008e400000|  0%| F|  |TAMS 0x000000008e300000| PB 0x000000008e300000| Untracked |  0
|  34|0x000000008e400000, 0x000000008e400000, 0x000000008e500000|  0%| F|  |TAMS 0x000000008e400000| PB 0x000000008e400000| Untracked |  0
|  35|0x000000008e500000, 0x000000008e500000, 0x000000008e600000|  0%| F|  |TAMS 0x000000008e500000| PB 0x000000008e500000| Untracked |  0
|  36|0x000000008e600000, 0x000000008e600000, 0x000000008e700000|  0%| F|  |TAMS 0x000000008e600000| PB 0x000000008e600000| Untracked |  0
|  37|0x000000008e700000, 0x000000008e700000, 0x000000008e800000|  0%| F|  |TAMS 0x000000008e700000| PB 0x000000008e700000| Untracked |  0
|  38|0x000000008e800000, 0x000000008e800000, 0x000000008e900000|  0%| F|  |TAMS 0x000000008e800000| PB 0x000000008e800000| Untracked |  0
|  39|0x000000008e900000, 0x000000008e900000, 0x000000008ea00000|  0%| F|  |TAMS 0x000000008e900000| PB 0x000000008e900000| Untracked |  0
|  40|0x000000008ea00000, 0x000000008ea00000, 0x000000008eb00000|  0%| F|  |TAMS 0x000000008ea00000| PB 0x000000008ea00000| Untracked |  0
|  41|0x000000008eb00000, 0x000000008eb00000, 0x000000008ec00000|  0%| F|  |TAMS 0x000000008eb00000| PB 0x000000008eb00000| Untracked |  0
|  42|0x000000008ec00000, 0x000000008ec00000, 0x000000008ed00000|  0%| F|  |TAMS 0x000000008ec00000| PB 0x000000008ec00000| Untracked |  0
|  43|0x000000008ed00000, 0x000000008ed00000, 0x000000008ee00000|  0%| F|  |TAMS 0x000000008ed00000| PB 0x000000008ed00000| Untracked |  0
|  44|0x000000008ee00000, 0x000000008ee00000, 0x000000008ef00000|  0%| F|  |TAMS 0x000000008ee00000| PB 0x000000008ee00000| Untracked |  0
|  45|0x000000008ef00000, 0x000000008ef00000, 0x000000008f000000|  0%| F|  |TAMS 0x000000008ef00000| PB 0x000000008ef00000| Untracked |  0
|  46|0x000000008f000000, 0x000000008f000000, 0x000000008f100000|  0%| F|  |TAMS 0x000000008f000000| PB 0x000000008f000000| Untracked |  0
|  47|0x000000008f100000, 0x000000008f100000, 0x000000008f200000|  0%| F|  |TAMS 0x000000008f100000| PB 0x000000008f100000| Untracked |  0
|  48|0x000000008f200000, 0x000000008f200000, 0x000000008f300000|  0%| F|  |TAMS 0x000000008f200000| PB 0x000000008f200000| Untracked |  0
|  49|0x000000008f300000, 0x000000008f300000, 0x000000008f400000|  0%| F|  |TAMS 0x000000008f300000| PB 0x000000008f300000| Untracked |  0
|  50|0x000000008f400000, 0x000000008f400000, 0x000000008f500000|  0%| F|  |TAMS 0x000000008f400000| PB 0x000000008f400000| Untracked |  0
|  51|0x000000008f500000, 0x000000008f500000, 0x000000008f600000|  0%| F|  |TAMS 0x000000008f500000| PB 0x000000008f500000| Untracked |  0
|  52|0x000000008f600000, 0x000000008f600000, 0x000000008f700000|  0%| F|  |TAMS 0x000000008f600000| PB 0x000000008f600000| Untracked |  0
|  53|0x000000008f700000, 0x000000008f700000, 0x000000008f800000|  0%| F|  |TAMS 0x000000008f700000| PB 0x000000008f700000| Untracked |  0
|  54|0x000000008f800000, 0x000000008f800000, 0x000000008f900000|  0%| F|  |TAMS 0x000000008f800000| PB 0x000000008f800000| Untracked |  0
|  55|0x000000008f900000, 0x000000008f900000, 0x000000008fa00000|  0%| F|  |TAMS 0x000000008f900000| PB 0x000000008f900000| Untracked |  0
|  56|0x000000008fa00000, 0x000000008fa00000, 0x000000008fb00000|  0%| F|  |TAMS 0x000000008fa00000| PB 0x000000008fa00000| Untracked |  0
|  57|0x000000008fb00000, 0x000000008fb00000, 0x000000008fc00000|  0%| F|  |TAMS 0x000000008fb00000| PB 0x000000008fb00000| Untracked |  0
|  58|0x000000008fc00000, 0x000000008fc00000, 0x000000008fd00000|  0%| F|  |TAMS 0x000000008fc00000| PB 0x000000008fc00000| Untracked |  0
|  59|0x000000008fd00000, 0x000000008fd00000, 0x000000008fe00000|  0%| F|  |TAMS 0x000000008fd00000| PB 0x000000008fd00000| Untracked |  0
|  60|0x000000008fe00000, 0x000000008fe00000, 0x000000008ff00000|  0%| F|  |TAMS 0x000000008fe00000| PB 0x000000008fe00000| Untracked |  0
|  61|0x000000008ff00000, 0x000000008ff00000, 0x0000000090000000|  0%| F|  |TAMS 0x000000008ff00000| PB 0x000000008ff00000| Untracked |  0
|  62|0x0000000090000000, 0x0000000090000000, 0x0000000090100000|  0%| F|  |TAMS 0x0000000090000000| PB 0x0000000090000000| Untracked |  0
|  63|0x0000000090100000, 0x0000000090100000, 0x0000000090200000|  0%| F|  |TAMS 0x0000000090100000| PB 0x0000000090100000| Untracked |  0
|  64|0x0000000090200000, 0x0000000090200000, 0x0000000090300000|  0%| F|  |TAMS 0x0000000090200000| PB 0x0000000090200000| Untracked |  0
|  65|0x0000000090300000, 0x0000000090300000, 0x0000000090400000|  0%| F|  |TAMS 0x0000000090300000| PB 0x0000000090300000| Untracked |  0
|  66|0x0000000090400000, 0x0000000090400000, 0x0000000090500000|  0%| F|  |TAMS 0x0000000090400000| PB 0x0000000090400000| Untracked |  0
|  67|0x0000000090500000, 0x0000000090500000, 0x0000000090600000|  0%| F|  |TAMS 0x0000000090500000| PB 0x0000000090500000| Untracked |  0
|  68|0x0000000090600000, 0x0000000090600000, 0x0000000090700000|  0%| F|  |TAMS 0x0000000090600000| PB 0x0000000090600000| Untracked |  0
|  69|0x0000000090700000, 0x0000000090700000, 0x0000000090800000|  0%| F|  |TAMS 0x0000000090700000| PB 0x0000000090700000| Untracked |  0
|  70|0x0000000090800000, 0x0000000090800000, 0x0000000090900000|  0%| F|  |TAMS 0x0000000090800000| PB 0x0000000090800000| Untracked |  0
|  71|0x0000000090900000, 0x0000000090900000, 0x0000000090a00000|  0%| F|  |TAMS 0x0000000090900000| PB 0x0000000090900000| Untracked |  0
|  72|0x0000000090a00000, 0x0000000090a00000, 0x0000000090b00000|  0%| F|  |TAMS 0x0000000090a00000| PB 0x0000000090a00000| Untracked |  0
|  73|0x0000000090b00000, 0x0000000090b00000, 0x0000000090c00000|  0%| F|  |TAMS 0x0000000090b00000| PB 0x0000000090b00000| Untracked |  0
|  74|0x0000000090c00000, 0x0000000090c00000, 0x0000000090d00000|  0%| F|  |TAMS 0x0000000090c00000| PB 0x0000000090c00000| Untracked |  0
|  75|0x0000000090d00000, 0x0000000090d00000, 0x0000000090e00000|  0%| F|  |TAMS 0x0000000090d00000| PB 0x0000000090d00000| Untracked |  0
|  76|0x0000000090e00000, 0x0000000090e00000, 0x0000000090f00000|  0%| F|  |TAMS 0x0000000090e00000| PB 0x0000000090e00000| Untracked |  0
|  77|0x0000000090f00000, 0x0000000090f00000, 0x0000000091000000|  0%| F|  |TAMS 0x0000000090f00000| PB 0x0000000090f00000| Untracked |  0
|  78|0x0000000091000000, 0x0000000091000000, 0x0000000091100000|  0%| F|  |TAMS 0x0000000091000000| PB 0x0000000091000000| Untracked |  0
|  79|0x0000000091100000, 0x0000000091100000, 0x0000000091200000|  0%| F|  |TAMS 0x0000000091100000| PB 0x0000000091100000| Untracked |  0
|  80|0x0000000091200000, 0x0000000091200000, 0x0000000091300000|  0%| F|  |TAMS 0x0000000091200000| PB 0x0000000091200000| Untracked |  0
|  81|0x0000000091300000, 0x0000000091300000, 0x0000000091400000|  0%| F|  |TAMS 0x0000000091300000| PB 0x0000000091300000| Untracked |  0
|  82|0x0000000091400000, 0x0000000091400000, 0x0000000091500000|  0%| F|  |TAMS 0x0000000091400000| PB 0x0000000091400000| Untracked |  0
|  83|0x0000000091500000, 0x0000000091500000, 0x0000000091600000|  0%| F|  |TAMS 0x0000000091500000| PB 0x0000000091500000| Untracked |  0
|  84|0x0000000091600000, 0x0000000091600000, 0x0000000091700000|  0%| F|  |TAMS 0x0000000091600000| PB 0x0000000091600000| Untracked |  0
|  85|0x0000000091700000, 0x0000000091700000, 0x0000000091800000|  0%| F|  |TAMS 0x0000000091700000| PB 0x0000000091700000| Untracked |  0
|  86|0x0000000091800000, 0x0000000091800000, 0x0000000091900000|  0%| F|  |TAMS 0x0000000091800000| PB 0x0000000091800000| Untracked |  0
|  87|0x0000000091900000, 0x0000000091900000, 0x0000000091a00000|  0%| F|  |TAMS 0x0000000091900000| PB 0x0000000091900000| Untracked |  0
|  88|0x0000000091a00000, 0x0000000091a00000, 0x0000000091b00000|  0%| F|  |TAMS 0x0000000091a00000| PB 0x0000000091a00000| Untracked |  0
|  89|0x0000000091b00000, 0x0000000091b00000, 0x0000000091c00000|  0%| F|  |TAMS 0x0000000091b00000| PB 0x0000000091b00000| Untracked |  0
|  90|0x0000000091c00000, 0x0000000091c00000, 0x0000000091d00000|  0%| F|  |TAMS 0x0000000091c00000| PB 0x0000000091c00000| Untracked |  0
|  91|0x0000000091d00000, 0x0000000091d00000, 0x0000000091e00000|  0%| F|  |TAMS 0x0000000091d00000| PB 0x0000000091d00000| Untracked |  0
|  92|0x0000000091e00000, 0x0000000091e00000, 0x0000000091f00000|  0%| F|  |TAMS 0x0000000091e00000| PB 0x0000000091e00000| Untracked |  0
|  93|0x0000000091f00000, 0x0000000091f00000, 0x0000000092000000|  0%| F|  |TAMS 0x0000000091f00000| PB 0x0000000091f00000| Untracked |  0
|  94|0x0000000092000000, 0x0000000092000000, 0x0000000092100000|  0%| F|  |TAMS 0x0000000092000000| PB 0x0000000092000000| Untracked |  0
|  95|0x0000000092100000, 0x0000000092100000, 0x0000000092200000|  0%| F|  |TAMS 0x0000000092100000| PB 0x0000000092100000| Untracked |  0
|  96|0x0000000092200000, 0x0000000092200000, 0x0000000092300000|  0%| F|  |TAMS 0x0000000092200000| PB 0x0000000092200000| Untracked |  0
|  97|0x0000000092300000, 0x0000000092300000, 0x0000000092400000|  0%| F|  |TAMS 0x0000000092300000| PB 0x0000000092300000| Untracked |  0
|  98|0x0000000092400000, 0x0000000092400000, 0x0000000092500000|  0%| F|  |TAMS 0x0000000092400000| PB 0x0000000092400000| Untracked |  0
|  99|0x0000000092500000, 0x0000000092580000, 0x0000000092600000| 50%| E|  |TAMS 0x0000000092500000| PB 0x0000000092500000| Complete |  0
| 100|0x0000000092600000, 0x0000000092700000, 0x0000000092700000|100%| E|CS|TAMS 0x0000000092600000| PB 0x0000000092600000| Complete |  0
| 101|0x0000000092700000, 0x0000000092800000, 0x0000000092800000|100%| E|CS|TAMS 0x0000000092700000| PB 0x0000000092700000| Complete |  0
| 102|0x0000000092800000, 0x0000000092900000, 0x0000000092900000|100%| E|CS|TAMS 0x0000000092800000| PB 0x0000000092800000| Complete |  0
| 103|0x0000000092900000, 0x0000000092a00000, 0x0000000092a00000|100%| E|CS|TAMS 0x0000000092900000| PB 0x0000000092900000| Complete |  0
| 104|0x0000000092a00000, 0x0000000092b00000, 0x0000000092b00000|100%| E|CS|TAMS 0x0000000092a00000| PB 0x0000000092a00000| Complete |  0
| 105|0x0000000092b00000, 0x0000000092c00000, 0x0000000092c00000|100%| E|CS|TAMS 0x0000000092b00000| PB 0x0000000092b00000| Complete |  0
| 106|0x0000000092c00000, 0x0000000092d00000, 0x0000000092d00000|100%| E|CS|TAMS 0x0000000092c00000| PB 0x0000000092c00000| Complete |  0
| 107|0x0000000092d00000, 0x0000000092e00000, 0x0000000092e00000|100%| E|CS|TAMS 0x0000000092d00000| PB 0x0000000092d00000| Complete |  0
| 108|0x0000000092e00000, 0x0000000092f00000, 0x0000000092f00000|100%| E|CS|TAMS 0x0000000092e00000| PB 0x0000000092e00000| Complete |  0
| 109|0x0000000092f00000, 0x0000000093000000, 0x0000000093000000|100%| E|CS|TAMS 0x0000000092f00000| PB 0x0000000092f00000| Complete |  0
| 110|0x0000000093000000, 0x0000000093100000, 0x0000000093100000|100%| E|CS|TAMS 0x0000000093000000| PB 0x0000000093000000| Complete |  0
| 111|0x0000000093100000, 0x0000000093200000, 0x0000000093200000|100%| E|CS|TAMS 0x0000000093100000| PB 0x0000000093100000| Complete |  0
| 112|0x0000000093200000, 0x0000000093300000, 0x0000000093300000|100%| E|CS|TAMS 0x0000000093200000| PB 0x0000000093200000| Complete |  0
| 113|0x0000000093300000, 0x0000000093400000, 0x0000000093400000|100%| E|CS|TAMS 0x0000000093300000| PB 0x0000000093300000| Complete |  0
| 114|0x0000000093400000, 0x0000000093500000, 0x0000000093500000|100%| E|CS|TAMS 0x0000000093400000| PB 0x0000000093400000| Complete |  0
| 115|0x0000000093500000, 0x0000000093600000, 0x0000000093600000|100%| E|CS|TAMS 0x0000000093500000| PB 0x0000000093500000| Complete |  0
|1852|0x00000000ffe00000, 0x00000000fff00000, 0x00000000fff00000|100%| O|  |TAMS 0x00000000ffe00000| PB 0x00000000ffe00000| Untracked |  0
|1853|0x00000000fff00000, 0x00000000fff1c330, 0x0000000100000000| 11%| O|  |TAMS 0x00000000fff00000| PB 0x00000000fff00000| Untracked |  0

Card table byte_map: [0x00000200aad20000,0x00000200ab0c0000] _byte_map_base: 0x00000200aa8bf000

Marking Bits: (CMBitMap*) 0x0000020091a305b0
 Bits: [0x00000200ab0c0000, 0x00000200acdb8000)

Polling page: 0x000002008fcf0000

Metaspace:

Usage:
  Non-class:      3.10 MB used.
      Class:    308.02 KB used.
       Both:      3.40 MB used.

Virtual space:
  Non-class space:       64.00 MB reserved,       3.19 MB (  5%) committed,  1 nodes.
      Class space:        1.00 GB reserved,     384.00 KB ( <1%) committed,  1 nodes.
             Both:        1.06 GB reserved,       3.56 MB ( <1%) committed. 

Chunk freelists:
   Non-Class:  11.92 MB
       Class:  15.59 MB
        Both:  27.51 MB

MaxMetaspaceSize: unlimited
CompressedClassSpaceSize: 1.00 GB
Initial GC threshold: 21.00 MB
Current GC threshold: 21.00 MB
CDS: on
 - commit_granule_bytes: 65536.
 - commit_granule_words: 8192.
 - virtual_space_node_default_size: 8388608.
 - enlarge_chunks_in_place: 1.
UseCompressedClassPointers 1, UseCompactObjectHeaders 0
Narrow klass pointer bits 32, Max shift 3
Narrow klass base: 0x00000200b0000000, Narrow klass shift: 0
Encoding Range: [0x00000200b0000000 - 0x00000201b0000000), (4294967296 bytes)
Klass Range:    [0x00000200b0000000 - 0x00000200f1000000), (1090519040 bytes)
Klass ID Range:  [8 - 1090519033) (1090519025)


Internal statistics:

num_allocs_failed_limit: 0.
num_arena_births: 70.
num_arena_deaths: 0.
num_vsnodes_births: 2.
num_vsnodes_deaths: 0.
num_space_committed: 57.
num_space_uncommitted: 0.
num_chunks_returned_to_freelist: 0.
num_chunks_taken_from_freelist: 76.
num_chunk_merges: 0.
num_chunk_splits: 53.
num_chunks_enlarged: 34.
num_inconsistent_stats: 0.

CodeHeap 'non-profiled nmethods': size=120064Kb used=372Kb max_used=372Kb free=119691Kb
 bounds [0x00000200a29a0000, 0x00000200a2c10000, 0x00000200a9ee0000]
CodeHeap 'profiled nmethods': size=120000Kb used=1624Kb max_used=1624Kb free=118375Kb
 bounds [0x000002009aee0000, 0x000002009b150000, 0x00000200a2410000]
CodeHeap 'non-nmethods': size=5696Kb used=1280Kb max_used=1323Kb free=4415Kb
 bounds [0x00000200a2410000, 0x00000200a2680000, 0x00000200a29a0000]
CodeCache: size=245760Kb, used=3276Kb, max_used=3319Kb, free=242481Kb
 total_blobs=1652, nmethods=1203, adapters=355, full_count=0
Compilation: enabled, stopped_count=0, restarted_count=0

Compilation events (20 events):
Event: 0.772 Thread 0x00000200af9656d0 1174       4       java.util.LinkedHashMap::get (29 bytes)
Event: 0.778 Thread 0x00000200af9656d0 nmethod 1174 0x00000200a29f8888 code [0x00000200a29f89e0, 0x00000200a29f8f28]
Event: 0.778 Thread 0x00000200af9656d0 1156       4       java.util.ArrayList::iterator (9 bytes)
Event: 0.779 Thread 0x00000200af9656d0 nmethod 1156 0x00000200a29f8f88 code [0x00000200a29f9080, 0x00000200a29f9170]
Event: 0.779 Thread 0x00000200af9656d0 1119       4       java.util.ArrayList::add (25 bytes)
Event: 0.783 Thread 0x00000200af9656d0 nmethod 1119 0x00000200a29f9288 code [0x00000200a29f93e0, 0x00000200a29f9de8]
Event: 0.783 Thread 0x00000200af9656d0 1168       4       java.io.DataOutputStream::incCount (20 bytes)
Event: 0.784 Thread 0x00000200af9656d0 nmethod 1168 0x00000200a29f9e88 code [0x00000200a29f9f80, 0x00000200a29fa020]
Event: 0.784 Thread 0x00000200af9656d0 1126       4       java.lang.Long::valueOf (40 bytes)
Event: 0.785 Thread 0x00000200af9656d0 nmethod 1126 0x00000200a29fa188 code [0x00000200a29fa2a0, 0x00000200a29fa3c0]
Event: 0.785 Thread 0x00000200af9656d0 1124       4       jdk.jfr.AnnotationElement::getTypeId (8 bytes)
Event: 0.786 Thread 0x00000200af9656d0 nmethod 1124 0x00000200a29fa488 code [0x00000200a29fa580, 0x00000200a29fa610]
Event: 0.786 Thread 0x00000200af9656d0 1142       4       java.util.Collections$UnmodifiableCollection$1::hasNext (10 bytes)
Event: 0.787 Thread 0x00000200af9656d0 nmethod 1142 0x00000200a29fa788 code [0x00000200a29fa8a0, 0x00000200a29fa990]
Event: 0.787 Thread 0x00000200af9656d0 1145       4       jdk.jfr.internal.MetadataDescriptor$Element::addAttribute (23 bytes)
Event: 0.795 Thread 0x00000200af9656d0 nmethod 1145 0x00000200a29faa88 code [0x00000200a29fac00, 0x00000200a29fbaa0]
Event: 0.795 Thread 0x00000200af9656d0 1170  s    4       java.io.DataOutputStream::write (14 bytes)
Event: 0.798 Thread 0x00000200af9656d0 nmethod 1170 0x00000200a29fbb88 code [0x00000200a29fbce0, 0x00000200a29fc530]
Event: 0.798 Thread 0x00000200af9656d0 1171       4       jdk.jfr.internal.MetadataWriter::writeInt (148 bytes)
Event: 0.804 Thread 0x00000200af9656d0 nmethod 1171 0x00000200a29fc588 code [0x00000200a29fc760, 0x00000200a29fd2c8]

GC Heap History (0 events):
No events

Dll operation events (10 events):
Event: 0.167 Loaded shared library C:\Users\koyya\.jdks\openjdk-24.0.2+12-54\bin\java.dll
Event: 0.208 Loaded shared library C:\Users\koyya\.jdks\openjdk-24.0.2+12-54\bin\jsvml.dll
Event: 0.247 Loaded shared library C:\Users\koyya\.jdks\openjdk-24.0.2+12-54\bin\zip.dll
Event: 0.253 Loaded shared library C:\Users\koyya\.jdks\openjdk-24.0.2+12-54\bin\instrument.dll
Event: 0.261 Loaded shared library C:\Users\koyya\.jdks\openjdk-24.0.2+12-54\bin\net.dll
Event: 0.265 Loaded shared library C:\Users\koyya\.jdks\openjdk-24.0.2+12-54\bin\nio.dll
Event: 0.270 Loaded shared library C:\Users\koyya\.jdks\openjdk-24.0.2+12-54\bin\zip.dll
Event: 0.285 Loaded shared library C:\Program Files\JetBrains\IntelliJ IDEA 2024.2.0.2\bin\breakgen64.dll
Event: 0.305 Loaded shared library C:\Users\koyya\.jdks\openjdk-24.0.2+12-54\bin\extnet.dll
Event: 0.397 Loaded shared library C:\Users\koyya\.jdks\openjdk-24.0.2+12-54\bin\jimage.dll

Deoptimization events (20 events):
Event: 0.626 Thread 0x00000200919d9920 Uncommon trap: trap_request=0xffffffde fr.pc=0x00000200a29e16b0 relative=0x00000000000006d0
Event: 0.626 Thread 0x00000200919d9920 Uncommon trap: reason=class_check action=maybe_recompile pc=0x00000200a29e16b0 method=java.util.HashMap.putVal(ILjava/lang/Object;Ljava/lang/Object;ZZ)Ljava/lang/Object; @ 253 c2
Event: 0.626 Thread 0x00000200919d9920 DEOPT PACKING pc=0x00000200a29e16b0 sp=0x00000096cb5fd7a0
Event: 0.626 Thread 0x00000200919d9920 DEOPT UNPACKING pc=0x00000200a2525c02 sp=0x00000096cb5fd740 mode 2
Event: 0.718 Thread 0x00000200919d9920 Uncommon trap: trap_request=0xffffffd6 fr.pc=0x00000200a29eedf4 relative=0x0000000000000694
Event: 0.718 Thread 0x00000200919d9920 Uncommon trap: reason=array_check action=maybe_recompile pc=0x00000200a29eedf4 method=jdk.internal.classfile.impl.SplitConstantPool.internalAdd(Ljava/lang/classfile/constantpool/PoolEntry;I)Ljava/lang/classfile/constantpool/PoolEntry; @ 46 c2
Event: 0.718 Thread 0x00000200919d9920 DEOPT PACKING pc=0x00000200a29eedf4 sp=0x00000096cb5fd180
Event: 0.718 Thread 0x00000200919d9920 DEOPT UNPACKING pc=0x00000200a2525c02 sp=0x00000096cb5fd130 mode 2
Event: 0.718 Thread 0x00000200919d9920 Uncommon trap: trap_request=0xffffffd6 fr.pc=0x00000200a29eedf4 relative=0x0000000000000694
Event: 0.718 Thread 0x00000200919d9920 Uncommon trap: reason=array_check action=maybe_recompile pc=0x00000200a29eedf4 method=jdk.internal.classfile.impl.SplitConstantPool.internalAdd(Ljava/lang/classfile/constantpool/PoolEntry;I)Ljava/lang/classfile/constantpool/PoolEntry; @ 46 c2
Event: 0.718 Thread 0x00000200919d9920 DEOPT PACKING pc=0x00000200a29eedf4 sp=0x00000096cb5fd180
Event: 0.718 Thread 0x00000200919d9920 DEOPT UNPACKING pc=0x00000200a2525c02 sp=0x00000096cb5fd130 mode 2
Event: 0.718 Thread 0x00000200919d9920 Uncommon trap: trap_request=0xffffffd6 fr.pc=0x00000200a29eedf4 relative=0x0000000000000694
Event: 0.718 Thread 0x00000200919d9920 Uncommon trap: reason=array_check action=maybe_recompile pc=0x00000200a29eedf4 method=jdk.internal.classfile.impl.SplitConstantPool.internalAdd(Ljava/lang/classfile/constantpool/PoolEntry;I)Ljava/lang/classfile/constantpool/PoolEntry; @ 46 c2
Event: 0.718 Thread 0x00000200919d9920 DEOPT PACKING pc=0x00000200a29eedf4 sp=0x00000096cb5fcff0
Event: 0.718 Thread 0x00000200919d9920 DEOPT UNPACKING pc=0x00000200a2525c02 sp=0x00000096cb5fcfa0 mode 2
Event: 0.718 Thread 0x00000200919d9920 Uncommon trap: trap_request=0xffffffd6 fr.pc=0x00000200a29eedf4 relative=0x0000000000000694
Event: 0.718 Thread 0x00000200919d9920 Uncommon trap: reason=array_check action=maybe_recompile pc=0x00000200a29eedf4 method=jdk.internal.classfile.impl.SplitConstantPool.internalAdd(Ljava/lang/classfile/constantpool/PoolEntry;I)Ljava/lang/classfile/constantpool/PoolEntry; @ 46 c2
Event: 0.718 Thread 0x00000200919d9920 DEOPT PACKING pc=0x00000200a29eedf4 sp=0x00000096cb5fcfd0
Event: 0.718 Thread 0x00000200919d9920 DEOPT UNPACKING pc=0x00000200a2525c02 sp=0x00000096cb5fcf80 mode 2

Classes loaded (20 events):
Event: 0.735 Loading class jdk/jfr/internal/MetadataWriter
Event: 0.735 Loading class jdk/jfr/internal/MetadataWriter done
Event: 0.736 Loading class jdk/jfr/internal/MetadataDescriptor$Element
Event: 0.736 Loading class jdk/jfr/internal/MetadataDescriptor$Element done
Event: 0.737 Loading class jdk/jfr/internal/MetadataDescriptor$Attribute
Event: 0.737 Loading class jdk/jfr/internal/MetadataDescriptor$Attribute done
Event: 0.745 Loading class jdk/jfr/internal/consumer/StringParser$Encoding
Event: 0.746 Loading class jdk/jfr/internal/consumer/StringParser$Encoding done
Event: 0.754 Loading class jdk/jfr/internal/consumer/RepositoryFiles
Event: 0.755 Loading class jdk/jfr/internal/consumer/RepositoryFiles done
Event: 0.759 Loading class jdk/jfr/internal/SettingsManager$InternalSetting
Event: 0.759 Loading class jdk/jfr/internal/SettingsManager$InternalSetting done
Event: 0.761 Loading class jdk/jfr/internal/util/Rate
Event: 0.761 Loading class jdk/jfr/internal/util/Rate done
Event: 0.761 Loading class jdk/jfr/internal/util/TimespanUnit
Event: 0.761 Loading class jdk/jfr/internal/util/TimespanUnit done
Event: 0.761 Loading class jdk/jfr/internal/util/ValueParser
Event: 0.761 Loading class jdk/jfr/internal/util/ValueParser done
Event: 0.763 Loading class jdk/jfr/internal/periodic/PeriodicType
Event: 0.763 Loading class jdk/jfr/internal/periodic/PeriodicType done

Classes unloaded (0 events):
No events

Classes redefined (0 events):
No events

Internal exceptions (19 events):
Event: 0.271 Thread 0x00000200919d9920 Exception <a 'java/lang/NoSuchMethodError'{0x000000009333c898}: 'void java.lang.invoke.DirectMethodHandle$Holder.invokeStatic(java.lang.Object, java.lang.Object, java.lang.Object)'> (0x000000009333c898) 
thrown [s\open\src\hotspot\share\interpreter\linkResolver.cpp, line 805]
Event: 0.277 Thread 0x00000200919d9920 Exception <a 'java/lang/NoSuchMethodError'{0x0000000093371458}: 'java.lang.Object java.lang.invoke.Invokers$Holder.invokeExact_MT(java.lang.Object, java.lang.Object, java.lang.Object, java.lang.Object, java.lang.Object)'> (0x0000000093371458) 
thrown [s\open\src\hotspot\share\interpreter\linkResolver.cpp, line 805]
Event: 0.296 Thread 0x00000200919d9920 Exception <a 'java/lang/NoSuchMethodError'{0x00000000932044a8}: 'java.lang.Object java.lang.invoke.DirectMethodHandle$Holder.invokeStaticInit(java.lang.Object, java.lang.Object, java.lang.Object)'> (0x00000000932044a8) 
thrown [s\open\src\hotspot\share\interpreter\linkResolver.cpp, line 805]
Event: 0.301 Thread 0x00000200f500ebe0 Exception <a 'java/lang/NoSuchMethodError'{0x0000000093285250}: 'java.lang.Object java.lang.invoke.DirectMethodHandle$Holder.invokeStaticInit(java.lang.Object)'> (0x0000000093285250) 
thrown [s\open\src\hotspot\share\interpreter\linkResolver.cpp, line 805]
Event: 0.308 Thread 0x00000200f500ebe0 Exception <a 'java/lang/NoSuchMethodError'{0x000000009328fe88}: 'void java.lang.invoke.DirectMethodHandle$Holder.invokeStatic(java.lang.Object, java.lang.Object)'> (0x000000009328fe88) 
thrown [s\open\src\hotspot\share\interpreter\linkResolver.cpp, line 805]
Event: 0.404 Thread 0x00000200919d9920 Exception <a 'java/lang/NoSuchMethodError'{0x0000000093041928}: 'java.lang.Object java.lang.invoke.DirectMethodHandle$Holder.invokeStatic(java.lang.Object, int, java.lang.Object)'> (0x0000000093041928) 
thrown [s\open\src\hotspot\share\interpreter\linkResolver.cpp, line 805]
Event: 0.428 Thread 0x00000200919d9920 Exception <a 'java/lang/NoSuchMethodError'{0x00000000930990f0}: 'void java.lang.invoke.DirectMethodHandle$Holder.invokeStaticInit(java.lang.Object)'> (0x00000000930990f0) 
thrown [s\open\src\hotspot\share\interpreter\linkResolver.cpp, line 805]
Event: 0.450 Thread 0x00000200919d9920 Exception <a 'java/lang/NoSuchMethodError'{0x0000000092f0b3b0}: 'void java.lang.invoke.DirectMethodHandle$Holder.invokeSpecial(java.lang.Object, java.lang.Object, java.lang.Object)'> (0x0000000092f0b3b0) 
thrown [s\open\src\hotspot\share\interpreter\linkResolver.cpp, line 805]
Event: 0.470 Thread 0x00000200919d9920 Exception <a 'java/lang/NoSuchMethodError'{0x0000000092f72990}: 'java.lang.Object java.lang.invoke.DirectMethodHandle$Holder.newInvokeSpecial(java.lang.Object, java.lang.Object, java.lang.Object, java.lang.Object, java.lang.Object)'> (0x0000000092f72990) 
thrown [s\open\src\hotspot\share\interpreter\linkResolver.cpp, line 805]
Event: 0.537 Thread 0x00000200919d9920 Exception <a 'java/lang/NoSuchMethodError'{0x0000000092d0b9a0}: 'long java.lang.invoke.DirectMethodHandle$Holder.invokeVirtual(java.lang.Object, java.lang.Object)'> (0x0000000092d0b9a0) 
thrown [s\open\src\hotspot\share\interpreter\linkResolver.cpp, line 805]
Event: 0.612 Thread 0x00000200919d9920 Exception <a 'java/lang/NoSuchMethodError'{0x0000000092b60790}: 'int java.lang.invoke.DirectMethodHandle$Holder.invokeSpecial(java.lang.Object, java.lang.Object, java.lang.Object)'> (0x0000000092b60790) 
thrown [s\open\src\hotspot\share\interpreter\linkResolver.cpp, line 805]
Event: 0.697 Thread 0x00000200919d9920 Exception <a 'java/lang/NoSuchMethodError'{0x0000000092929298}: 'void java.lang.invoke.DirectMethodHandle$Holder.invokeSpecial(java.lang.Object, java.lang.Object, int)'> (0x0000000092929298) 
thrown [s\open\src\hotspot\share\interpreter\linkResolver.cpp, line 805]
Event: 0.698 Thread 0x00000200919d9920 Exception <a 'java/lang/NoSuchMethodError'{0x0000000092930eb8}: 'void java.lang.invoke.Invokers$Holder.invokeExact_MT(java.lang.Object, int, java.lang.Object)'> (0x0000000092930eb8) 
thrown [s\open\src\hotspot\share\interpreter\linkResolver.cpp, line 805]
Event: 0.702 Thread 0x00000200919d9920 Exception <a 'java/lang/NoSuchMethodError'{0x000000009294b768}: 'void java.lang.invoke.DirectMethodHandle$Holder.invokeStatic(java.lang.Object, java.lang.Object, int)'> (0x000000009294b768) 
thrown [s\open\src\hotspot\share\interpreter\linkResolver.cpp, line 805]
Event: 0.703 Thread 0x00000200919d9920 Exception <a 'java/lang/NoSuchMethodError'{0x000000009295a858}: 'java.lang.Object java.lang.invoke.DirectMethodHandle$Holder.newInvokeSpecial(java.lang.Object, java.lang.Object, int)'> (0x000000009295a858) 
thrown [s\open\src\hotspot\share\interpreter\linkResolver.cpp, line 805]
Event: 0.706 Thread 0x00000200f5788630 Exception <a 'java/lang/NoSuchMethodError'{0x0000000092981328}: 'long java.lang.invoke.DirectMethodHandle$Holder.invokeSpecial(java.lang.Object, java.lang.Object)'> (0x0000000092981328) 
thrown [s\open\src\hotspot\share\interpreter\linkResolver.cpp, line 805]
Event: 0.714 Thread 0x00000200919d9920 Exception <a 'sun/nio/fs/WindowsException'{0x000000009280f9b0}> (0x000000009280f9b0) 
thrown [s\open\src\hotspot\share\prims\jni.cpp, line 518]
Event: 0.719 Thread 0x00000200919d9920 Exception <a 'sun/nio/fs/WindowsException'{0x000000009281c878}> (0x000000009281c878) 
thrown [s\open\src\hotspot\share\prims\jni.cpp, line 518]
Event: 0.729 Thread 0x00000200919d9920 Exception <a 'sun/nio/fs/WindowsException'{0x000000009282e670}> (0x000000009282e670) 
thrown [s\open\src\hotspot\share\prims\jni.cpp, line 518]

VM Operations (8 events):
Event: 0.233 Executing VM operation: HandshakeAllThreads (Deoptimize)
Event: 0.233 Executing VM operation: HandshakeAllThreads (Deoptimize) done
Event: 0.707 Executing VM operation: HandshakeAllThreads (Deoptimize)
Event: 0.707 Executing VM operation: HandshakeAllThreads (Deoptimize) done
Event: 0.711 Executing VM operation: HandshakeAllThreads (Deoptimize)
Event: 0.711 Executing VM operation: HandshakeAllThreads (Deoptimize) done
Event: 0.755 Executing VM operation: JFRSafepointClear
Event: 0.755 Executing VM operation: JFRSafepointClear done

Memory protections (0 events):
No events

Nmethod flushes (0 events):
No events

Events (13 events):
Event: 0.187 Thread 0x00000200919d9920 Thread added: 0x00000200919d9920
Event: 0.204 Thread 0x00000200919d9920 Thread added: 0x00000200af954080
Event: 0.204 Thread 0x00000200919d9920 Thread added: 0x00000200af9567d0
Event: 0.205 Thread 0x00000200919d9920 Thread added: 0x00000200af95efa0
Event: 0.205 Thread 0x00000200919d9920 Thread added: 0x00000200af95fad0
Event: 0.205 Thread 0x00000200919d9920 Thread added: 0x00000200af964610
Event: 0.205 Thread 0x00000200919d9920 Thread added: 0x00000200af970130
Event: 0.205 Thread 0x00000200919d9920 Thread added: 0x00000200af9656d0
Event: 0.205 Thread 0x00000200919d9920 Thread added: 0x00000200af9664b0
Event: 0.257 Thread 0x00000200919d9920 Thread added: 0x00000200afb73900
Event: 0.286 Thread 0x00000200919d9920 Thread added: 0x00000200f500ebe0
Event: 0.423 Thread 0x00000200919d9920 Thread added: 0x00000200f6663fa0
Event: 0.705 Thread 0x00000200919d9920 Thread added: 0x00000200f5788630


Dynamic libraries:
0x00007ff65d380000 - 0x00007ff65d38e000 	C:\Users\koyya\.jdks\openjdk-24.0.2+12-54\bin\java.exe
0x00007ffbb32e0000 - 0x00007ffbb3549000 	C:\WINDOWS\SYSTEM32\ntdll.dll
0x00007ffb9d280000 - 0x00007ffb9d2a0000 	C:\Program Files\AVG\Antivirus\aswhook.dll
0x00007ffbb1e90000 - 0x00007ffbb1f59000 	C:\WINDOWS\System32\KERNEL32.DLL
0x00007ffbb06a0000 - 0x00007ffbb0a93000 	C:\WINDOWS\System32\KERNELBASE.dll
0x00007ffbb0f60000 - 0x00007ffbb10ab000 	C:\WINDOWS\System32\ucrtbase.dll
0x00007ffb98b00000 - 0x00007ffb98b16000 	C:\Users\koyya\.jdks\openjdk-24.0.2+12-54\bin\jli.dll
0x00007ffb98970000 - 0x00007ffb9898b000 	C:\Users\koyya\.jdks\openjdk-24.0.2+12-54\bin\VCRUNTIME140.dll
0x00007ffbb2790000 - 0x00007ffbb2954000 	C:\WINDOWS\System32\USER32.dll
0x00007ffbb0c10000 - 0x00007ffbb0c37000 	C:\WINDOWS\System32\win32u.dll
0x00007ffbb3170000 - 0x00007ffbb319b000 	C:\WINDOWS\System32\GDI32.dll
0x00007ffb9bfe0000 - 0x00007ffb9c273000 	C:\WINDOWS\WinSxS\amd64_microsoft.windows.common-controls_6595b64144ccf1df_6.0.26100.5074_none_3e0d6f78e32fd63f\COMCTL32.dll
0x00007ffbb0cd0000 - 0x00007ffbb0dfd000 	C:\WINDOWS\System32\gdi32full.dll
0x00007ffbb1130000 - 0x00007ffbb11d9000 	C:\WINDOWS\System32\msvcrt.dll
0x00007ffbb05f0000 - 0x00007ffbb0693000 	C:\WINDOWS\System32\msvcp_win.dll
0x00007ffbb2a70000 - 0x00007ffbb2a9f000 	C:\WINDOWS\System32\IMM32.DLL
0x00007ffb9d2b0000 - 0x00007ffb9d2bc000 	C:\Users\koyya\.jdks\openjdk-24.0.2+12-54\bin\vcruntime140_1.dll
0x00007ffb503e0000 - 0x00007ffb5046e000 	C:\Users\koyya\.jdks\openjdk-24.0.2+12-54\bin\msvcp140.dll
0x00007ffaa40c0000 - 0x00007ffaa4e61000 	C:\Users\koyya\.jdks\openjdk-24.0.2+12-54\bin\server\jvm.dll
0x00007ffbb1f60000 - 0x00007ffbb2014000 	C:\WINDOWS\System32\ADVAPI32.dll
0x00007ffbb2f20000 - 0x00007ffbb2fc6000 	C:\WINDOWS\System32\sechost.dll
0x00007ffbb3000000 - 0x00007ffbb3118000 	C:\WINDOWS\System32\RPCRT4.dll
0x00007ffbb11e0000 - 0x00007ffbb1254000 	C:\WINDOWS\System32\WS2_32.dll
0x00007ffbb02d0000 - 0x00007ffbb032e000 	C:\WINDOWS\SYSTEM32\POWRPROF.dll
0x00007ffba6c50000 - 0x00007ffba6c85000 	C:\WINDOWS\SYSTEM32\WINMM.dll
0x00007ffba7700000 - 0x00007ffba770b000 	C:\WINDOWS\SYSTEM32\VERSION.dll
0x00007ffbb02b0000 - 0x00007ffbb02c4000 	C:\WINDOWS\SYSTEM32\UMPDC.dll
0x00007ffbaf220000 - 0x00007ffbaf23b000 	C:\WINDOWS\SYSTEM32\kernel.appcore.dll
0x00007ffb98af0000 - 0x00007ffb98afa000 	C:\Users\koyya\.jdks\openjdk-24.0.2+12-54\bin\jimage.dll
0x00007ffba68a0000 - 0x00007ffba6ae2000 	C:\WINDOWS\SYSTEM32\DBGHELP.DLL
0x00007ffbb2ab0000 - 0x00007ffbb2e2b000 	C:\WINDOWS\System32\combase.dll
0x00007ffbb2990000 - 0x00007ffbb2a67000 	C:\WINDOWS\System32\OLEAUT32.dll
0x00007ffb9be50000 - 0x00007ffb9be8d000 	C:\WINDOWS\SYSTEM32\dbgcore.DLL
0x00007ffbb0ec0000 - 0x00007ffbb0f59000 	C:\WINDOWS\System32\bcryptPrimitives.dll
0x00007ffb98a50000 - 0x00007ffb98a5f000 	C:\Users\koyya\.jdks\openjdk-24.0.2+12-54\bin\instrument.dll
0x00007ffb98950000 - 0x00007ffb9896e000 	C:\Users\koyya\.jdks\openjdk-24.0.2+12-54\bin\java.dll
0x00007ffbb20a0000 - 0x00007ffbb2238000 	C:\WINDOWS\System32\ole32.dll
0x00007ffbb1300000 - 0x00007ffbb1a4d000 	C:\WINDOWS\System32\SHELL32.dll
0x00007ffbb0aa0000 - 0x00007ffbb0c0c000 	C:\WINDOWS\System32\wintypes.dll
0x00007ffae2f00000 - 0x00007ffae30f9000 	C:\Users\koyya\AppData\Local\Temp\idea_libasyncProfiler_dll_temp_folder\libasyncProfiler.dll
0x00007ffbae090000 - 0x00007ffbae8e9000 	C:\WINDOWS\SYSTEM32\windows.storage.dll
0x00007ffbb1d90000 - 0x00007ffbb1e80000 	C:\WINDOWS\System32\SHCORE.dll
0x00007ffbb2e30000 - 0x00007ffbb2e92000 	C:\WINDOWS\System32\shlwapi.dll
0x00007ffbb0390000 - 0x00007ffbb03b9000 	C:\WINDOWS\SYSTEM32\profapi.dll
0x00007ffb2c1c0000 - 0x00007ffb2c297000 	C:\Users\koyya\.jdks\openjdk-24.0.2+12-54\bin\jsvml.dll
0x00007ffb985f0000 - 0x00007ffb98607000 	C:\Users\koyya\.jdks\openjdk-24.0.2+12-54\bin\zip.dll
0x00007ffb98910000 - 0x00007ffb98920000 	C:\Users\koyya\.jdks\openjdk-24.0.2+12-54\bin\net.dll
0x00007ffbaf7b0000 - 0x00007ffbaf81b000 	C:\WINDOWS\system32\mswsock.dll
0x00007ffb98490000 - 0x00007ffb984a6000 	C:\Users\koyya\.jdks\openjdk-24.0.2+12-54\bin\nio.dll
0x00007ffb98350000 - 0x00007ffb9836a000 	C:\Program Files\JetBrains\IntelliJ IDEA 2024.2.0.2\bin\breakgen64.dll
0x00007ffb96b30000 - 0x00007ffb96b39000 	C:\Users\koyya\.jdks\openjdk-24.0.2+12-54\bin\extnet.dll

JVMTI agents:
C:\Program Files\JetBrains\IntelliJ IDEA 2024.2.0.2\lib\idea_rt.jar path:C:\Users\koyya\.jdks\openjdk-24.0.2+12-54\bin\instrument.dll, loaded, initialized, instrumentlib options:50976:C:\Program Files\JetBrains\IntelliJ IDEA 2024.2.0.2\bin
C:\Users\koyya\AppData\Local\Temp\idea_libasyncProfiler_dll_temp_folder\libasyncProfiler.dll path:C:\Users\koyya\AppData\Local\Temp\idea_libasyncProfiler_dll_temp_folder\libasyncProfiler.dll, loaded, initialized, options:start,jfr,event=wall,interval=10ms,jfrsync=profile,cstack=no,file=C:\Users\koyya\IdeaSnapshots\SetPractice_2025_10_13_150907.jfr,dbghelppath=C:\Users\koyya\AppData\Local\Temp\idea_dbghelp_dll_temp_folder\dbghelp.dll,log=C:\Users\koyya\AppData\Local\Temp\SetPractice_2025_10_13_150907.jfr.log.txt,logLevel=DEBUG

dbghelp: loaded successfully - version: 4.0.5 - missing functions: none
symbol engine: initialized successfully - sym options: 0x614 - pdb path: .;C:\Users\koyya\.jdks\openjdk-24.0.2+12-54\bin;C:\WINDOWS\SYSTEM32;C:\Program Files\AVG\Antivirus;C:\WINDOWS\WinSxS\amd64_microsoft.windows.common-controls_6595b64144ccf1df_6.0.26100.5074_none_3e0d6f78e32fd63f;C:\Users\koyya\.jdks\openjdk-24.0.2+12-54\bin\server;C:\Users\koyya\AppData\Local\Temp\idea_libasyncProfiler_dll_temp_folder;C:\Program Files\JetBrains\IntelliJ IDEA 2024.2.0.2\bin

VM Arguments:
jvm_args: -javaagent:C:\Program Files\JetBrains\IntelliJ IDEA 2024.2.0.2\lib\idea_rt.jar=50976:C:\Program Files\JetBrains\IntelliJ IDEA 2024.2.0.2\bin -agentpath:C:\Users\koyya\AppData\Local\Temp\idea_libasyncProfiler_dll_temp_folder\libasyncProfiler.dll=start,jfr,event=wall,interval=10ms,jfrsync=profile,cstack=no,file=C:\Users\koyya\IdeaSnapshots\SetPractice_2025_10_13_150907.jfr,dbghelppath=C:\Users\koyya\AppData\Local\Temp\idea_dbghelp_dll_temp_folder\dbghelp.dll,log=C:\Users\koyya\AppData\Local\Temp\SetPractice_2025_10_13_150907.jfr.log.txt,logLevel=DEBUG -Dfile.encoding=UTF-8 -Dsun.stdout.encoding=UTF-8 -Dsun.stderr.encoding=UTF-8 
java_command: Set.SetPractice
java_class_path (initial): C:\Users\koyya\IdeaProjects\DSA-Practice\src\out\production\DSA-Practice
Launcher Type: SUN_STANDARD

[Global flags]
     intx CICompilerCount                          = 4                                         {product} {ergonomic}
     uint ConcGCThreads                            = 3                                         {product} {ergonomic}
     bool FlightRecorder                           = true                                      {product} {management}
     uint G1ConcRefinementThreads                  = 10                                        {product} {ergonomic}
   size_t G1HeapRegionSize                         = 1048576                                   {product} {ergonomic}
   size_t InitialHeapSize                          = 121634816                                 {product} {ergonomic}
   size_t MarkStackSize                            = 4194304                                   {product} {ergonomic}
   size_t MarkStackSizeMax                         = 536870912                                 {product} {ergonomic}
   size_t MaxHeapSize                              = 1944059904                                {product} {ergonomic}
   size_t MaxNewSize                               = 1166016512                                {product} {ergonomic}
   size_t MinHeapDeltaBytes                        = 1048576                                   {product} {ergonomic}
   size_t MinHeapSize                              = 8388608                                   {product} {ergonomic}
    uintx NonNMethodCodeHeapSize                   = 5832704                                {pd product} {ergonomic}
    uintx NonProfiledCodeHeapSize                  = 122945536                              {pd product} {ergonomic}
    uintx ProfiledCodeHeapSize                     = 122880000                              {pd product} {ergonomic}
    uintx ReservedCodeCacheSize                    = 251658240                              {pd product} {ergonomic}
     bool SegmentedCodeCache                       = true                                      {product} {ergonomic}
   size_t SoftMaxHeapSize                          = 1944059904                             {manageable} {ergonomic}
     bool UseCompressedOops                        = true                           {product lp64_product} {ergonomic}
     bool UseG1GC                                  = true                                      {product} {ergonomic}
     bool UseLargePagesIndividualAllocation        = false                                  {pd product} {ergonomic}

Logging:
Log output configuration:
 #0: stdout all=warning uptime,level,tags foldmultilines=false
 #1: stderr all=off uptime,level,tags foldmultilines=false

Environment Variables:
JAVA_HOME=C:\Program Files\Java\jdk-17
PATH=C:\Program Files (x86)\Rockwell Software\RSCommon;C:\MinGW\bin;C:\Windows\system32;C:\Windows;C:\Windows\System32\Wbem;C:\Windows\System32\WindowsPowerShell\v1.0\;C:\Windows\System32\OpenSSH\;C:\Program Files\dotnet\;C:\Program Files (x86)\NVIDIA Corporation\PhysX\Common;C:\WINDOWS\system32;C:\WINDOWS;C:\WINDOWS\System32\Wbem;C:\WINDOWS\System32\WindowsPowerShell\v1.0\;C:\WINDOWS\System32\OpenSSH\;C:\Users\koyya\Downloads\Softwares;C:\terraform_1.6.6_windows_386\;C:\Program Files\Amazon\AWSCLIV2\;C:\Program Files\Microsoft SQL Server\150\Tools\Binn\;C:\Program Files\Microsoft SQL Server\Client SDK\ODBC\170\Tools\Binn\;C:\Program Files (x86)\Microsoft SQL Server\160\Tools\Binn\;C:\Program Files\Microsoft SQL Server\160\Tools\Binn\;C:\Program Files\Microsoft SQL Server\160\DTS\Binn\;C:\Program Files (x86)\Microsoft SQL Server\160\DTS\Binn\;C:\Program Files\Azure Data Studio\bin;C:\Program Files\NVIDIA Corporation\NVIDIA app\NvDLISR;C:\Users\koyya\Downloads\apache-maven-3.8.8-src\apache-maven-3.8.8\apache-maven\src\bin;C:\Program Files\nodejs\;C:\Program Files\Java\jdk-17\bin;C:\Program Files\Git\cmd;C:\Users\koyya\AppData\Local\Programs\Python\Python313\Scripts\;C:\Users\koyya\AppData\Local\Programs\Python\Python313\;C:\Program Files\MySQL\MySQL Shell 8.0\bin\;C:\Users\koyya\AppData\Local\Programs\Python\Launcher\;C:\Users\koyya\AppData\Local\Microsoft\WindowsApps;C:\Program Files\JetBrains\PyCharm Community Edition 2023.2.2\bin;;C:\Users\koyya\AppData\Local\GitHubDesktop\bin;C:\Users\koyya\AppData\Local\Programs\Microsoft VS Code\bin;C:\Users\koyya\.dotnet\tools;C:\Program Files\Azure Data Studio\bin;C:\Program Files\JetBrains\IntelliJ IDEA 2024.2.0.2\bin;;C:\Users\koyya\AppData\Local\Microsoft\WinGet\Packages\Schniz.fnm_Microsoft.Winget.Source_8wekyb3d8bbwe;C:\Users\koyya\AppData\Roaming\npm;
USERNAME=koyya
OS=Windows_NT
PROCESSOR_IDENTIFIER=AMD64 Family 25 Model 68 Stepping 1, AuthenticAMD
TMP=C:\Users\koyya\AppData\Local\Temp
TEMP=C:\Users\koyya\AppData\Local\Temp




Periodic native trim disabled

---------------  S Y S T E M  ---------------

OS:
 Windows 11 , 64 bit Build 26100 (10.0.26100.5074)
OS uptime: 0 days 1:15 hours
Hyper-V role detected

CPU: total 12 (initial active 12) (12 cores per cpu, 2 threads per core) family 25 model 68 stepping 1 microcode 0xa40410a, cx8, cmov, fxsr, ht, mmx, 3dnowpref, sse, sse2, sse3, ssse3, sse4a, sse4.1, sse4.2, popcnt, lzcnt, tsc, tscinvbit, avx, avx2, aes, erms, clmul, bmi1, bmi2, adx, sha, fma, vzeroupper, clflush, clflushopt, hv, rdtscp, rdpid, fsrm, f16c, cet_ss
Processor Information for the first 12 processors :
  Max Mhz: 3301, Current Mhz: 3301, Mhz Limit: 3301

Memory: 4k page, system-wide physical 7411M (436M free)
TotalPageFile size 25025M (AvailPageFile size 1493M)
current process WorkingSet (physical memory assigned to process): 74M, peak: 75M
current process commit charge ("private bytes"): 246M, peak: 247M

vm_info: OpenJDK 64-Bit Server VM (24.0.2+12-54) for windows-amd64 JRE (24.0.2+12-54), built on 2025-07-08T12:10:27Z with MS VC++ 17.6 (VS2022)

END.
